// Jest Snapshot v1, https://goo.gl/fbAQLP

exports[`Artist card renders correctly 1`] = `
<div
  className="col-md-3"
>
  <a
    href="artist/xyz"
    onClick={[Function]}
  >
    <div
      className="card"
    >
      <div
        className="image"
      >
        <img
          alt="Card image cap"
          className=""
          src="htpp://foobar"
          style={
            Object {
              "objectFit": "cover",
            }
          }
        />
      </div>
      <h3
        className="card-body"
      >
        metallica
      </h3>
      <p>
        <span
          className="badge badge-pill badge-primary"
        >
           Popularity: 
        </span>
      </p>
    </div>
  </a>
</div>
`;
