// Jest Snapshot v1, https://goo.gl/fbAQLP

exports[`Artist card renders correctly 1`] = `
<div
  className="col-md-3"
>
  <a
    href="artist/9"
    onClick={[Function]}
  >
    <div
      className="card"
    >
      <img
        alt="Card image cap"
        className="card-img-top vignette"
        src="htpp://foobar"
        style={
          Object {
            "objectFit": "cover",
          }
        }
      />
      <div
        className="card-body"
      >
        metallica
      </div>
    </div>
  </a>
</div>
`;
